// Jest Snapshot v1, https://goo.gl/fbAQLP

exports[`ProductTitle It must to show the component with the product's name 1`] = `
<div
  className="productCard undefined"
>
  <span
    className="productDescription undefined"
  >
    Coffe Mug - Without image
  </span>
</div>
`;

exports[`ProductTitle Show component correctly with personalize title 1`] = `
<span
  className="productDescription custom-class"
>
  Custom Product
</span>
`;
