// Jest Snapshot v1, https://goo.gl/fbAQLP

exports[`ProductImage It must to show the component with the product's image 1`] = `
<div
  className="productCard undefined"
>
  <img
    alt="Product"
    className="productImg undefined"
    src="./coffee-mug.png"
  />
</div>
`;

exports[`ProductImage Show component correctly with personalize image 1`] = `[Function]`;
